src/components/combat/pixi/CombatantSprite.ts(357,25): error TS6133: 'direction' is declared but its value is never read.
src/components/combat/pixi/CombatantSprite.ts(374,23): error TS6133: 'targetX' is declared but its value is never read.
src/components/combat/pixi/CombatantSprite.ts(374,40): error TS6133: 'targetY' is declared but its value is never read.
src/contexts/RoomAsCharacterContext.tsx(184,36): error TS2739: Type '{ characterData: CharacterCard | null; setCharacterData: Dispatch<SetStateAction<CharacterCard | null>>; imageUrl: string | undefined; ... 12 more ...; handleImageChange: (_newImageData: string | File) => Promise<...>; }' is missing the following properties from type 'CharacterContextType': hasUnsavedChanges, setHasUnsavedChanges
